main.c:138:5:main	8	static
main.c:200:6:SystemClock_Config	88	static
main.c:245:13:MX_USART2_UART_Init	8	static
main.c:278:13:MX_USART3_UART_Init	8	static
main.c:311:13:MX_GPIO_Init	24	static
main.c:324:6:ESP_Init	16	static
main.c:336:6:test_AT	8	static
main.c:354:6:Connect_Broker	88	static
main.c:382:6:Connect_Secure_Broker	136	static
main.c:414:6:Subscribe_MQTT	56	static
main.c:424:6:publish_MQTT	48	static
main.c:436:6:Read_Message_MQTT	136	static
main.c:487:6:test_PC_to_ESP	8	static
main.c:505:6:printf_PC	16	static
main.c:522:6:printf_Esp	16	static
main.c:546:6:HAL_UART_RxCpltCallback	16	static
main.c:570:6:Error_Handler	4	static,ignoring_inline_asm
